../Src/main.c:72:5:main	8	static
../Src/main.c:88:6:gpio_config	4	static
../Src/main.c:97:6:interrupt_config	4	static
../Src/main.c:110:6:initialize_timer	4	static
../Src/main.c:120:6:start_timer	16	static
../Src/main.c:127:6:stop_timer	4	static
../Src/main.c:134:6:SysTick_Init	4	static
../Src/main.c:141:6:SysTick_Handler	8	static
../Src/main.c:159:6:config_usart	4	static
../Src/main.c:166:6:usart_write	16	static
../Src/main.c:172:9:usart_read	4	static
../Src/main.c:180:6:fuel2	4	static
../Src/main.c:187:6:TIM2_IRQHandler	4	static
