13:32:38 **** Incremental Build of configuration Debug for project B1_LED_BLINK ****
make -j16 all 
arm-none-eabi-gcc "../Src/main.c" -mcpu=cortex-m4 -std=gnu11 -g3 -DDEBUG -DSTM32 -DSTM32F4 -DSTM32F446RETx -c -I../Inc -O0 -ffunction-sections -fdata-sections -Wall -fstack-usage -fcyclomatic-complexity -MMD -MP -MF"Src/main.d" -MT"Src/main.o" --specs=nano.specs -mfpu=fpv4-sp-d16 -mfloat-abi=hard -mthumb -o "Src/main.o"
arm-none-eabi-gcc -o "B1_LED_BLINK.elf" @"objects.list"   -mcpu=cortex-m4 -T"/home/naman/STM32CubeIDE/stm32f446/B1_LED_BLINK/STM32F446RETX_FLASH.ld" --specs=nosys.specs -Wl,-Map="B1_LED_BLINK.map" -Wl,--gc-sections -static --specs=nano.specs -mfpu=fpv4-sp-d16 -mfloat-abi=hard -mthumb -Wl,--start-group -lc -lm -Wl,--end-group
Finished building target: B1_LED_BLINK.elf
 
arm-none-eabi-size  B1_LED_BLINK.elf 
arm-none-eabi-objdump -h -S B1_LED_BLINK.elf  > "B1_LED_BLINK.list"
   text	   data	    bss	    dec	    hex	filename
    876	     12	   1564	   2452	    994	B1_LED_BLINK.elf
Finished building: default.size.stdout
 
Finished building: B1_LED_BLINK.list
 

13:32:38 Build Finished. 0 errors, 0 warnings. (took 144ms)

