13:06:03 **** Incremental Build of configuration Debug for project C4_ADC ****
make -j16 all 
arm-none-eabi-gcc "../Src/main.c" -mcpu=cortex-m4 -std=gnu11 -g3 -DDEBUG -DSTM32 -DSTM32F4 -DSTM32F446RETx -DNUCLEO_F446RE -c -I../Inc -O0 -ffunction-sections -fdata-sections -Wall -fstack-usage -fcyclomatic-complexity -MMD -MP -MF"Src/main.d" -MT"Src/main.o" --specs=nano.specs -mfpu=fpv4-sp-d16 -mfloat-abi=hard -mthumb -o "Src/main.o"
../Src/main.c:22:4: warning: #warning "FPU is not initialized, but the project is compiling for an FPU. Please initialize the FPU before use." [-Wcpp]
   22 |   #warning "FPU is not initialized, but the project is compiling for an FPU. Please initialize the FPU before use."
      |    ^~~~~~~
arm-none-eabi-gcc -o "C4_ADC.elf" @"objects.list"   -mcpu=cortex-m4 -T"/home/naman/STM32CubeIDE/stm32f446/C4_ADC/STM32F446RETX_FLASH.ld" --specs=nosys.specs -Wl,-Map="C4_ADC.map" -Wl,--gc-sections -static --specs=nano.specs -mfpu=fpv4-sp-d16 -mfloat-abi=hard -mthumb -Wl,--start-group -lc -lm -Wl,--end-group
Finished building target: C4_ADC.elf
 
arm-none-eabi-size  C4_ADC.elf 
arm-none-eabi-objdump -h -S C4_ADC.elf  > "C4_ADC.list"
   text	   data	    bss	    dec	    hex	filename
    712	      0	   1568	   2280	    8e8	C4_ADC.elf
Finished building: default.size.stdout
 
Finished building: C4_ADC.list
 

13:06:04 Build Finished. 0 errors, 1 warnings. (took 145ms)

