12:36:10 **** Incremental Build of configuration Debug for project C6_TEMPERATUR_SENSER ****
make -j16 all 
arm-none-eabi-size  C6_TEMPERATUR_SENSER.elf 
   text	   data	    bss	    dec	    hex	filename
   2220	      0	   1576	   3796	    ed4	C6_TEMPERATUR_SENSER.elf
Finished building: default.size.stdout
 
12:36:14 **** Incremental Build of configuration Debug for project C6_TEMPERATUR_SENSER ****
make -j16 all 
arm-none-eabi-size  C6_TEMPERATUR_SENSER.elf 
   text	   data	    bss	    dec	    hex	filename
   2220	      0	   1576	   3796	    ed4	C6_TEMPERATUR_SENSER.elf
Finished building: default.size.stdout
 
12:36:35 **** Incremental Build of configuration Debug for project C6_TEMPERATUR_SENSER ****
make -j16 all 
arm-none-eabi-size  C6_TEMPERATUR_SENSER.elf 
   text	   data	    bss	    dec	    hex	filename
   2220	      0	   1576	   3796	    ed4	C6_TEMPERATUR_SENSER.elf
Finished building: default.size.stdout
 
12:36:47 **** Incremental Build of configuration Debug for project C6_TEMPERATUR_SENSER ****
make -j16 all 
arm-none-eabi-size  C6_TEMPERATUR_SENSER.elf 
   text	   data	    bss	    dec	    hex	filename
   2220	      0	   1576	   3796	    ed4	C6_TEMPERATUR_SENSER.elf
Finished building: default.size.stdout
 
