11:07:47 **** Incremental Build of configuration Debug for project C6_TEMPERATUR_SENSER ****
make -j16 all 
arm-none-eabi-size  C6_TEMPERATUR_SENSER.elf 
   text	   data	    bss	    dec	    hex	filename
   1004	      0	   1576	   2580	    a14	C6_TEMPERATUR_SENSER.elf
Finished building: default.size.stdout
 
11:07:53 **** Incremental Build of configuration Debug for project C6_TEMPERATUR_SENSER ****
make -j16 all 
arm-none-eabi-size  C6_TEMPERATUR_SENSER.elf 
   text	   data	    bss	    dec	    hex	filename
   1004	      0	   1576	   2580	    a14	C6_TEMPERATUR_SENSER.elf
Finished building: default.size.stdout
 
11:09:00 **** Incremental Build of configuration Debug for project C6_TEMPERATUR_SENSER ****
make -j16 all 
arm-none-eabi-gcc -mcpu=cortex-m4 -g3 -DDEBUG -c -x assembler-with-cpp -MMD -MP -MF"Startup/startup_stm32f446retx.d" -MT"Startup/startup_stm32f446retx.o" --specs=nano.specs -mfpu=fpv4-sp-d16 -mfloat-abi=soft -mthumb -o "Startup/startup_stm32f446retx.o" "../Startup/startup_stm32f446retx.s"
arm-none-eabi-gcc "../Src/main.c" -mcpu=cortex-m4 -std=gnu11 -g3 -DDEBUG -DSTM32 -DSTM32F4 -DSTM32F446RETx -DNUCLEO_F446RE -c -I../Inc -O0 -ffunction-sections -fdata-sections -Wall -fstack-usage -fcyclomatic-complexity -MMD -MP -MF"Src/main.d" -MT"Src/main.o" --specs=nano.specs -mfpu=fpv4-sp-d16 -mfloat-abi=soft -mthumb -o "Src/main.o"
arm-none-eabi-gcc "../Src/syscalls.c" -mcpu=cortex-m4 -std=gnu11 -g3 -DDEBUG -DSTM32 -DSTM32F4 -DSTM32F446RETx -DNUCLEO_F446RE -c -I../Inc -O0 -ffunction-sections -fdata-sections -Wall -fstack-usage -fcyclomatic-complexity -MMD -MP -MF"Src/syscalls.d" -MT"Src/syscalls.o" --specs=nano.specs -mfpu=fpv4-sp-d16 -mfloat-abi=soft -mthumb -o "Src/syscalls.o"
arm-none-eabi-gcc "../Src/sysmem.c" -mcpu=cortex-m4 -std=gnu11 -g3 -DDEBUG -DSTM32 -DSTM32F4 -DSTM32F446RETx -DNUCLEO_F446RE -c -I../Inc -O0 -ffunction-sections -fdata-sections -Wall -fstack-usage -fcyclomatic-complexity -MMD -MP -MF"Src/sysmem.d" -MT"Src/sysmem.o" --specs=nano.specs -mfpu=fpv4-sp-d16 -mfloat-abi=soft -mthumb -o "Src/sysmem.o"
arm-none-eabi-gcc -o "C6_TEMPERATUR_SENSER.elf" @"objects.list"   -mcpu=cortex-m4 -T"/home/naman/STM32CubeIDE/stm32f446/C6_TEMPERATUR_SENSER/STM32F446RETX_FLASH.ld" --specs=nosys.specs -Wl,-Map="C6_TEMPERATUR_SENSER.map" -Wl,--gc-sections -static --specs=nano.specs -mfpu=fpv4-sp-d16 -mfloat-abi=soft -mthumb -Wl,--start-group -lc -lm -Wl,--end-group
Finished building target: C6_TEMPERATUR_SENSER.elf
 
arm-none-eabi-size  C6_TEMPERATUR_SENSER.elf 
arm-none-eabi-objdump -h -S C6_TEMPERATUR_SENSER.elf  > "C6_TEMPERATUR_SENSER.list"
   text	   data	    bss	    dec	    hex	filename
   2220	      0	   1576	   3796	    ed4	C6_TEMPERATUR_SENSER.elf
Finished building: default.size.stdout
 
Finished building: C6_TEMPERATUR_SENSER.list
 
11:09:35 **** Incremental Build of configuration Debug for project C6_TEMPERATUR_SENSER ****
make -j16 all 
arm-none-eabi-size  C6_TEMPERATUR_SENSER.elf 
   text	   data	    bss	    dec	    hex	filename
   2220	      0	   1576	   3796	    ed4	C6_TEMPERATUR_SENSER.elf
Finished building: default.size.stdout
 
